// Jest Snapshot v1, https://goo.gl/fbAQLP

exports[`render correctly 1`] = `
Array [
  <section
    className="add-post-form"
  >
    <div
      className="add-post"
    >
      <form>
        <div
          className="field"
        >
          <label
            htmlFor="title"
          >
            Title
          </label>
          <input
            data-testid="title"
            id="title"
            name="title"
            onChange={[Function]}
            value=""
            width={20}
          />
        </div>
        <div
          className="field"
        >
          <label
            htmlFor="content"
          >
            Content
          </label>
          <textarea
            data-testid="content"
            id="content"
            name="content"
            onChange={[Function]}
            value=""
          />
        </div>
        <div
          className="field"
        >
          <label
            htmlFor="users"
          >
            Author
          </label>
          <select
            data-testid="users"
            id="users"
            name="users"
            onChange={[Function]}
            value=""
          >
            <option
              value=""
            />
            <option
              value="0"
            >
              Tianna Jenkins
            </option>
            <option
              value="1"
            >
              Kevin Grant
            </option>
            <option
              value="2"
            >
              Madison Price
            </option>
          </select>
        </div>
        <div
          className="field"
        >
          <button
            disabled={true}
            onClick={[Function]}
            type="button"
          >
            Add Post
          </button>
        </div>
      </form>
    </div>
  </section>,
  <section
    className="posts-list"
  >
    <h2>
      Posts
    </h2>
  </section>,
]
`;
